
**** Build of configuration Debug for project print_aliens_test_1 ****

make all 
Building file: ../src/helloworld.c
Invoking: MicroBlaze gcc compiler
mb-gcc -Wall -O0 -g3 -c -fmessage-length=0 -I../../hello_world_bsp_0/microblaze_0/include -mlittle-endian -mxl-barrel-shift -mxl-pattern-compare -mcpu=v8.20.b -mno-xl-soft-mul -MMD -MP -MF"src/helloworld.d" -MT"src/helloworld.d" -o"src/helloworld.o" "../src/helloworld.c"
Finished building: ../src/helloworld.c
' '
Building target: print_aliens_test_1.elf
Invoking: MicroBlaze gcc linker
mb-gcc -Wl,-T -Wl,../src/lscript.ld -L../../hello_world_bsp_0/microblaze_0/lib -mlittle-endian -mxl-barrel-shift -mxl-pattern-compare -mcpu=v8.20.b -mno-xl-soft-mul -o"print_aliens_test_1.elf"  ./src/helloworld.o ./src/platform.o   -Wl,--start-group,-lxil,-lgcc,-lc,--end-group
Finished building target: print_aliens_test_1.elf
' '
Invoking: MicroBlaze Print Size
mb-size print_aliens_test_1.elf  |tee "print_aliens_test_1.elf.size"
   text	   data	    bss	    dec	    hex	filename
   4870	    372	  13354	  18596	   48a4	print_aliens_test_1.elf
Finished building: print_aliens_test_1.elf.size
' '
Invoking: Xilinx ELF Check
elfcheck print_aliens_test_1.elf -hw ../../SpaceInvadersHW_hw_platform/system.xml -pe microblaze_0  |tee "print_aliens_test_1.elf.elfcheck"
elfcheck
Xilinx EDK 13.4 Build EDK_O.87xd
Copyright (c) 1995-2011 Xilinx, Inc.  All rights reserved.

Command Line: elfcheck -hw ../../SpaceInvadersHW_hw_platform/system.xml -pe
microblaze_0 print_aliens_test_1.elf 

ELF file	: print_aliens_test_1.elf
elfcheck passed.
Finished building: print_aliens_test_1.elf.elfcheck
' '
