C:\Users\superman\Desktop\ee427\lab1\implementation\system.ngc 1504744481
C:/Users/superman/Desktop/ee427/lab1/implementation/push_buttons_5bits_wrapper.ngc 1504744437
C:/Users/superman/Desktop/ee427/lab1/implementation/dip_switches_8bits_wrapper.ngc 1504744455
C:/Users/superman/Desktop/ee427/lab1/implementation/rs232_uart_1_wrapper.ngc 1504744429
C:/Users/superman/Desktop/ee427/lab1/implementation/proc_sys_reset_0_wrapper.ngc 1504744330
C:/Users/superman/Desktop/ee427/lab1/implementation/clock_generator_0_wrapper.ngc 1504744466
C:/Users/superman/Desktop/ee427/lab1/implementation/microblaze_0_ilmb_wrapper.ngc 1504744458
C:/Users/superman/Desktop/ee427/lab1/implementation/microblaze_0_dlmb_wrapper.ngc 1504744460
C:/Users/superman/Desktop/ee427/lab1/implementation/axi4lite_0_wrapper.ngc 1504744469
C:/Users/superman/Desktop/ee427/lab1/implementation/microblaze_0_wrapper.ngc 1504744463
C:/Users/superman/Desktop/ee427/lab1/implementation/microblaze_0_i_bram_ctrl_wrapper.ngc 1504744339
C:/Users/superman/Desktop/ee427/lab1/implementation/microblaze_0_d_bram_ctrl_wrapper.ngc 1504744348
C:/Users/superman/Desktop/ee427/lab1/implementation/debug_module_wrapper.ngc 1504744408
C:/Users/superman/Desktop/ee427/lab1/implementation/leds_8bits_wrapper.ngc 1504744446
C:/Users/superman/Desktop/ee427/lab1/implementation/microblaze_0_bram_block_wrapper.ngc 1504744353
OK
